[task_3] Е-0302251.jpg: размер файла 4080x3072, в manifest 3072x4080
[task_3] frame 0, Е-0302251.jpg, label=Метка для размерности имеет точки вне изображения: [(1050.0, 3079.921875), (1044.0, 3095.859375), (1044.0, 3103.828125), (1038.0, 3111.796875), (1032.0, 3127.734375)]
[task_9] 1739189416219.jpg: размер файла 4080x3072, в manifest 3072x4080
[task_9] frame 0, 1739189416219.jpg, label=Метка для размерности имеет точки вне изображения: [(1167.41015625, 3429.98046875), (1167.0, 3426.5625), (1176.0, 3414.609375), (1176.0, 3406.640625), (1182.0, 3394.6875)]
[task_10] 1739189416119.jpg: размер файла 4080x3072, в manifest 3072x4080
[task_14] 2.jpeg: размер файла 960x1280, в manifest 1280x960
[task_21] IMG_20240618_092709.jpg: размер файла 4080x3072, в manifest 3072x4080
[task_21] IMG_20240618_092724.jpg: размер файла 4080x3072, в manifest 3072x4080
[task_21] IMG_20240619_092703.jpg: размер файла 4080x3072, в manifest 3072x4080
[task_21] IMG_20240624_092406.jpg: размер файла 4080x3072, в manifest 3072x4080
[task_21] IMG_20240624_092413.jpg: размер файла 4080x3072, в manifest 3072x4080
[task_22] IMG_20240530_094237.jpg: размер файла 4080x3072, в manifest 3072x4080
[task_22] frame 0, IMG_20240530_094237.jpg, label=Вторичная пигментация имеет точки вне изображения: [(1059.0, 3087.890625), (1062.0, 3091.875), (1056.0, 3099.84375), (1059.0, 3103.828125), (1059.0, 3111.796875)]
[task_22] frame 0, IMG_20240530_094237.jpg, label=ВсяРана имеет точки вне изображения: [(847.2177734375, 3182.806640625), (846.0, 3179.53125), (849.0, 3175.546875), (849.0, 3163.59375), (843.0, 3155.625)]
[task_22] frame 0, IMG_20240530_094237.jpg, label=Вторичная пигментация имеет точки вне изображения: [(794.822265625, 3123.05078125), (792.0, 3119.765625), (801.0, 3107.8125), (792.0, 3099.84375), (798.0, 3087.890625)]
[task_22] frame 0, IMG_20240530_094237.jpg, label=Зона шва имеет точки вне изображения: [(858.0, 3179.53125), (855.0, 3175.546875), (855.0, 3163.59375), (858.0, 3159.609375), (855.0, 3151.640625)]
[task_23] IMG_20240618_090939.jpg: размер файла 4080x3072, в manifest 3072x4080
[task_23] frame 0, IMG_20240618_090939.jpg, label=Металлоконструкция имеет точки вне изображения: [(1671.0, 3075.9375), (1674.0, 3075.9375), (1692.0, 3075.9375), (1713.0, 3075.9375), (1716.0, 3079.921875)]
[task_23] frame 0, IMG_20240618_090939.jpg, label=Металлоконструкция имеет точки вне изображения: [(908.306640625, 4064.982421875), (903.0, 4060.078125), (906.0, 4052.109375), (906.0, 4040.15625), (939.0, 3996.328125)]
[task_23] frame 0, IMG_20240618_090939.jpg, label=Металлоконструкция имеет точки вне изображения: [(1644.0, 4064.0625), (1647.0, 4060.078125), (1647.0, 4048.125), (1650.0, 4048.125), (1653.0, 4044.140625)]
[task_23] IMG_20240619_095149.jpg: размер файла 4080x3072, в manifest 3072x4080
[task_26] 1741000170049.jpg: размер файла 4080x3072, в manifest 3072x4080
[task_29] 1741000169848.jpg: размер файла 4080x3072, в manifest 3072x4080
[task_30] 1741000169892.jpg: размер файла 4080x3072, в manifest 3072x4080
[task_30] frame 0, 1741000169892.jpg, label=Зона гиперемии вокруг имеет точки вне изображения: [(1659.0, 3087.890625), (1659.0, 3091.875), (1656.0, 3091.875), (1653.0, 3087.890625), (1638.0, 3087.890625)]
[task_30] 1741000169941.jpg: размер файла 4080x3072, в manifest 3072x4080
[task_32] 1741099051529.jpg: размер файла 4080x3072, в manifest 3072x4080
[task_32] frame 0, 1741099051529.jpg, label=Металлоконструкция имеет точки вне изображения: [(2481.0, 3079.921875), (2481.0, 3083.90625), (2448.0, 3127.734375), (2448.0, 3135.703125), (2427.0, 3163.59375)]
[task_32] frame 0, 1741099051529.jpg, label=Металлоконструкция имеет точки вне изображения: [(1350.0, 3083.90625), (1341.0, 3079.921875), (1083.0, 3127.734375), (1086.0, 3127.734375), (1176.0, 3243.28125)]
[task_36] 1741679544521.jpg: размер файла 4080x3072, в manifest 3072x4080
[task_36] frame 0, 1741679544521.jpg, label=Метка для размерности имеет точки вне изображения: [(813.0, 3079.921875), (813.0, 3087.890625), (804.0, 3111.796875), (795.0, 3123.75), (795.0, 3131.71875)]
[task_37] 1741679544395.jpg: размер файла 4080x3072, в manifest 3072x4080
[task_40] 1739189416067.jpg: размер файла 4080x3072, в manifest 3072x4080
[task_48] IMG_20241118_100714.jpg: размер файла 4080x3072, в manifest 3072x4080
[task_48] frame 0, IMG_20241118_100714.jpg, label=Метка для размерности имеет точки вне изображения: [(1008.0, 3414.609375), (1011.0, 3414.609375), (1014.0, 3418.59375), (1020.0, 3410.625), (1044.0, 3410.625)]
[task_49] IMG_20241118_100940.jpg: размер файла 4080x3072, в manifest 3072x4080
[task_55] IMG_20241118_101720.jpg: размер файла 4080x3072, в manifest 3072x4080
[task_56] IMG_20241125_102750.jpg: размер файла 4080x3072, в manifest 3072x4080
[task_56] frame 0, IMG_20241125_102750.jpg, label=Метка для размерности имеет точки вне изображения: [(1278.0, 3079.921875), (1272.0, 3091.875), (1269.0, 3091.875), (1257.0, 3107.8125), (1257.0, 3115.78125)]
[task_57] IMG_20241125_102916.jpg: размер файла 4080x3072, в manifest 3072x4080
[task_58] IMG_20241125_103009_1.jpg: размер файла 4080x3072, в manifest 3072x4080
[task_58] frame 0, IMG_20241125_103009_1.jpg, label=Метка для размерности имеет точки вне изображения: [(2124.0, 3079.921875), (2139.0, 3103.828125), (2142.0, 3115.78125), (2154.0, 3131.71875), (2154.0, 3139.6875)]
[task_67] 1742463132204.jpg: размер файла 4080x3072, в manifest 3072x4080
[task_67] frame 0, 1742463132204.jpg, label=Метка для размерности имеет точки вне изображения: [(897.0, 3079.921875), (900.0, 3083.90625), (897.0, 3091.875), (900.0, 3095.859375), (897.0, 3099.84375)]
[task_68] IMG_20240703_123115.jpg: размер файла 4080x3072, в manifest 3072x4080
[task_69] 1745500842428.jpg: размер файла 4080x3072, в manifest 3072x4080
[task_69] frame 0, 1745500842428.jpg, label=Метка для размерности имеет точки вне изображения: [(462.0, 3079.921875), (450.0, 3075.9375), (420.0, 3075.9375), (408.0, 3075.9375), (381.0, 3075.9375)]
[task_70] 1745500842514.jpg: размер файла 4080x3072, в manifest 3072x4080
[task_70] frame 0, 1745500842514.jpg, label=Метка для размерности имеет точки вне изображения: [(1101.0, 3079.921875), (1104.0, 3083.90625), (1104.0, 3171.5625), (1107.0, 3175.546875), (1107.0, 3318.984375)]
[task_70] 1745500842589.jpg: размер файла 4080x3072, в manifest 3072x4080
[task_70] frame 1, 1745500842589.jpg, label=Зона гиперемии вокруг имеет точки вне изображения: [(1380.0, 3099.84375), (1386.0, 3107.8125), (1389.0, 3107.8125), (1404.0, 3127.734375), (1410.0, 3119.765625)]
[task_70] frame 1, 1745500842589.jpg, label=Зона гиперемии вокруг имеет точки вне изображения: [(1313.78125, 3646.025390625), (1311.0, 3645.703125), (1308.0, 3637.734375), (1308.0, 3625.78125), (1302.0, 3609.84375)]
[task_70] frame 1, 1745500842589.jpg, label=Фасция без грануляций имеет точки вне изображения: [(1340.904296875, 3766.84375), (1338.0, 3765.234375), (1344.0, 3765.234375), (1353.0, 3757.265625), (1356.0, 3761.25)]
[task_70] frame 1, 1745500842589.jpg, label=ВсяРана имеет точки вне изображения: [(1340.904296875, 3771.7734375), (1338.0, 3769.21875), (1341.0, 3765.234375), (1344.0, 3765.234375), (1353.0, 3757.265625)]
[task_72] IMG_20241202_102843.jpg: размер файла 4080x3072, в manifest 3072x4080
[task_73] IMG_20241202_103025.jpg: размер файла 4080x3072, в manifest 3072x4080
[task_73] frame 0, IMG_20241202_103025.jpg, label=Метка для размерности имеет точки вне изображения: [(243.0, 3689.53125), (243.0, 3677.578125), (249.0, 3669.609375), (249.0, 3665.625), (255.0, 3657.65625)]
[task_74] IMG_20241202_103830.jpg: размер файла 4080x3072, в manifest 3072x4080
[task_74] frame 0, IMG_20241202_103830.jpg, label=Метка для размерности имеет точки вне изображения: [(51.0, 3095.859375), (66.0, 3075.9375), (51.0, 3095.859375), (81.0, 3135.703125), (90.0, 3135.703125)]
[task_74] frame 0, IMG_20241202_103830.jpg, label=Зона некроза имеет точки вне изображения: [(1827.951171875, 3167.576171875), (1824.0, 3159.609375), (1833.0, 3147.65625), (1836.0, 3147.65625), (1839.0, 3143.671875)]
[task_74] frame 0, IMG_20241202_103830.jpg, label=Зона грануляций имеет точки вне изображения: [(1953.0, 3075.9375), (1956.0, 3079.921875), (1953.0, 3083.90625), (1950.0, 3083.90625), (1941.0, 3099.84375)]
[task_74] frame 0, IMG_20241202_103830.jpg, label=ВсяРана имеет точки вне изображения: [(1953.0, 3075.9375), (1956.0, 3079.921875), (1953.0, 3083.90625), (1950.0, 3083.90625), (1941.0, 3099.84375)]
[task_74] frame 0, IMG_20241202_103830.jpg, label=Зона гиперемии вокруг имеет точки вне изображения: [(1653.0, 3083.90625), (1662.0, 3083.90625), (1665.0, 3087.890625), (1671.0, 3087.890625), (1680.0, 3095.859375)]
[task_75] IMG_20241202_104424.jpg: размер файла 4080x3072, в manifest 3072x4080
[task_76] 1742463132357.jpg: размер файла 4080x3072, в manifest 3072x4080
[task_79] 1742463132167.jpg: размер файла 4080x3072, в manifest 3072x4080
[task_80] 1742468149029.jpg: размер файла 4080x3072, в manifest 3072x4080
[task_80] frame 0, 1742468149029.jpg, label=Металлоконструкция имеет точки вне изображения: [(2565.0, 3091.875), (2559.0, 3099.84375), (2553.0, 3099.84375), (2550.0, 3103.828125), (2553.0, 3099.84375)]
[task_80] frame 0, 1742468149029.jpg, label=Метка для размерности имеет точки вне изображения: [(1083.0, 3350.859375), (1089.0, 3350.859375), (1095.0, 3342.890625), (1098.0, 3342.890625), (1116.0, 3318.984375)]
[task_82] 1742469313530.jpg: размер файла 4080x3072, в manifest 3072x4080
[task_85] ц-MK533345-not-day-4-2025-03-18.jpg: размер файла 4080x3072, в manifest 3072x4080
[task_85] frame 0, ц-MK533345-not-day-4-2025-03-18.jpg, label=Метка для размерности имеет точки вне изображения: [(1008.0, 3322.96875), (1077.0, 3231.328125), (1080.0, 3231.328125), (1083.0, 3227.34375), (1095.0, 3227.34375)]
[task_86] IMG_20240703_123114.jpg: размер файла 4080x3072, в manifest 3072x4080
[task_91] ц-MK501846-not-day-5-2024-07-24.jpg: размер файла 4080x3072, в manifest 3072x4080
[task_97] 1742469313426.jpg: размер файла 4080x3072, в manifest 3072x4080
[task_97] frame 0, 1742469313426.jpg, label=Метка для размерности имеет точки вне изображения: [(2466.0, 3510.234375), (2475.0, 3510.234375), (2478.0, 3514.21875), (2481.0, 3514.21875), (2484.0, 3510.234375)]
[task_98] 05.05.jpg: размер файла 4080x3072, в manifest 3072x4080
[task_98] frame 0, 05.05.jpg, label=Зона шва имеет точки вне изображения: [(1722.0, 3079.921875), (1710.0, 3095.859375), (1710.0, 3099.84375), (1719.0, 3107.8125), (1716.0, 3111.796875)]
[task_98] frame 0, 05.05.jpg, label=Метка для размерности имеет точки вне изображения: [(1557.0, 3609.84375), (1566.0, 3597.890625), (1572.0, 3597.890625), (1578.0, 3589.921875), (1581.0, 3589.921875)]
[task_98] frame 0, 05.05.jpg, label=ВсяРана имеет точки вне изображения: [(1395.400390625, 3364.2109375), (1401.0, 3354.84375), (1410.0, 3354.84375), (1416.0, 3346.875), (1413.0, 3342.890625)]
[task_98] 28.04.jpg: размер файла 4080x3072, в manifest 3072x4080
[task_98] frame 1, 28.04.jpg, label=Метка для размерности имеет точки вне изображения: [(1062.0, 3115.78125), (1065.0, 3119.765625), (1062.0, 3123.75), (1062.0, 3151.640625), (1065.0, 3155.625)]
[task_99] 1747636396580.jpg: размер файла 4080x3072, в manifest 3072x4080
[task_99] frame 0, 1747636396580.jpg, label=Сухожилие имеет точки вне изображения: [(1953.0, 3103.828125), (1956.0, 3107.8125), (1956.0, 3123.75), (1959.0, 3127.734375), (1956.0, 3135.703125)]
[task_99] frame 0, 1747636396580.jpg, label=Зона некроза имеет точки вне изображения: [(1905.109375, 3296.375), (1899.0, 3287.109375), (1899.0, 3279.140625), (1902.0, 3275.15625), (1902.0, 3263.203125)]
[task_99] frame 0, 1747636396580.jpg, label=Фасция без грануляций имеет точки вне изображения: [(2328.0, 3079.921875), (2310.0, 3103.828125), (2310.0, 3099.84375), (2295.0, 3079.921875), (2295.0, 3075.9375)]
[task_99] frame 0, 1747636396580.jpg, label=Подкожная жир.кл. без грануляций имеет точки вне изображения: [(1767.0, 3366.796875), (1764.0, 3362.8125), (1764.0, 3346.875), (1767.0, 3342.890625), (1782.0, 3342.890625)]
[task_99] frame 0, 1747636396580.jpg, label=Подкожная жир.кл. без грануляций имеет точки вне изображения: [(1485.0, 3075.9375), (1491.0, 3075.9375), (1500.0, 3079.921875), (1500.0, 3091.875), (1497.0, 3095.859375)]
[task_99] frame 0, 1747636396580.jpg, label=ВсяРана имеет точки вне изображения: [(2160.0, 3542.109375), (2151.0, 3530.15625), (2148.0, 3534.140625), (2130.0, 3510.234375), (2127.0, 3510.234375)]
[task_99] frame 0, 1747636396580.jpg, label=Подкожная жир.кл. без грануляций имеет точки вне изображения: [(1980.0, 3275.15625), (1983.0, 3279.140625), (1989.0, 3279.140625), (1998.0, 3291.09375), (2010.0, 3291.09375)]
[task_99] frame 0, 1747636396580.jpg, label=Зона некроза имеет точки вне изображения: [(1512.0, 3227.34375), (1518.0, 3227.34375), (1521.0, 3223.359375), (1533.0, 3243.28125), (1536.0, 3243.28125)]
[task_99] frame 0, 1747636396580.jpg, label=Подкожная жир.кл. без грануляций имеет точки вне изображения: [(2258.873046875, 3478.748046875), (2256.0, 3478.359375), (2259.0, 3482.34375), (2256.0, 3490.3125), (2244.0, 3478.359375)]
[task_99] frame 0, 1747636396580.jpg, label=Подкожная жир.кл. без грануляций имеет точки вне изображения: [(2337.0, 3175.546875), (2323.46875, 3114.646484375), (2319.0, 3107.8125), (2319.0, 3099.84375), (2316.0, 3095.859375)]
[task_99] frame 0, 1747636396580.jpg, label=Сухожилие имеет точки вне изображения: [(2295.0, 3075.9375), (2295.0, 3079.921875), (2310.0, 3099.84375), (2310.0, 3103.828125), (2325.0, 3123.75)]
[task_100] +1747636396301.jpg: размер файла 4080x3072, в manifest 3072x4080
[task_101] +1747636396529.jpg: размер файла 4080x3072, в manifest 3072x4080
[task_165] +1750320753703.jpg: размер файла 4080x3072, в manifest 3072x4080
[task_165] frame 0, +1750320753703.jpg, label=Подкожная жир.кл. без грануляций имеет точки вне изображения: [(1377.0, 3075.9375), (1386.0, 3075.9375), (1410.0, 3083.90625), (1413.0, 3083.90625), (1428.0, 3095.859375)]
[task_165] frame 0, +1750320753703.jpg, label=ВсяРана имеет точки вне изображения: [(1206.0, 3649.6875), (1161.947265625, 3656.654296875), (1161.0, 3649.6875), (1164.0, 3645.703125), (1146.0, 3621.796875)]
[task_165] frame 0, +1750320753703.jpg, label=Зона гиперемии вокруг имеет точки вне изображения: [(651.0, 3099.84375), (648.0, 3091.875), (636.0, 3075.9375), (837.0, 3083.90625), (831.0, 3083.90625)]
[task_165] frame 0, +1750320753703.jpg, label=Зона грануляций имеет точки вне изображения: [(1995.0, 3593.90625), (1995.0, 3577.96875), (1998.0, 3573.984375), (1998.0, 3538.125), (2004.0, 3530.15625)]
[task_165] frame 0, +1750320753703.jpg, label=Зона грануляций имеет точки вне изображения: [(2771.525390625, 3360.775390625), (2769.0, 3358.828125), (2772.0, 3350.859375), (2760.0, 3334.921875), (2757.0, 3334.921875)]
[task_165] frame 0, +1750320753703.jpg, label=Метка для размерности имеет точки вне изображения: [(630.0, 3083.90625), (630.0, 3087.890625), (618.0, 3103.828125), (618.0, 3111.796875), (609.0, 3123.75)]
[task_165] frame 0, +1750320753703.jpg, label=Зона грануляций имеет точки вне изображения: [(543.0, 3438.515625), (546.0, 3438.515625), (558.0, 3454.453125), (564.0, 3446.484375), (567.0, 3446.484375)]
[task_165] frame 0, +1750320753703.jpg, label=ВсяРана имеет точки вне изображения: [(2768.56640625, 3357.81640625), (2766.0, 3354.84375), (2766.0, 3342.890625), (2751.0, 3326.953125), (2751.0, 3318.984375)]
[task_165] frame 0, +1750320753703.jpg, label=ВсяРана имеет точки вне изображения: [(2187.0, 3079.921875), (2172.0, 3079.921875), (2166.0, 3087.890625), (2160.0, 3087.890625), (2157.0, 3091.875)]
[task_165] frame 0, +1750320753703.jpg, label=Зона гиперемии вокруг имеет точки вне изображения: [(771.0, 3777.1875), (768.0, 3773.203125), (765.0, 3773.203125), (756.0, 3761.25), (747.0, 3761.25)]
[task_165] frame 0, +1750320753703.jpg, label=ВсяРана имеет точки вне изображения: [(705.0, 3625.78125), (687.0, 3625.78125), (678.0, 3637.734375), (654.0, 3637.734375), (648.0, 3645.703125)]
[task_165] frame 0, +1750320753703.jpg, label=Зона гиперемии вокруг имеет точки вне изображения: [(339.0, 3581.953125), (339.0, 3570.0), (348.0, 3558.046875), (351.0, 3550.078125), (351.0, 3542.109375)]
[task_165] frame 0, +1750320753703.jpg, label=Зона грануляций имеет точки вне изображения: [(1161.947265625, 3650.736328125), (1164.0, 3645.703125), (1146.0, 3621.796875), (1143.0, 3621.796875), (1134.0, 3609.84375)]
[task_165] frame 0, +1750320753703.jpg, label=Фасция без грануляций имеет точки вне изображения: [(2028.0, 3075.9375), (2013.0, 3083.90625), (2010.0, 3083.90625), (2001.0, 3075.9375), (1995.0, 3075.9375)]
[task_165] frame 0, +1750320753703.jpg, label=ВсяРана имеет точки вне изображения: [(1995.0, 3593.90625), (1995.0, 3577.96875), (1998.0, 3573.984375), (1998.0, 3538.125), (2004.0, 3530.15625)]
[task_165] +1750320753741.jpg: размер файла 4080x3072, в manifest 3072x4080
[task_166] +1750320753579.jpg: размер файла 4080x3072, в manifest 3072x4080
[task_166] frame 0, +1750320753579.jpg, label=ВсяРана имеет точки вне изображения: [(1809.0, 3195.46875), (1800.0, 3195.46875), (1797.0, 3191.484375), (1785.0, 3191.484375), (1770.0, 3171.5625)]
[task_166] frame 0, +1750320753579.jpg, label=Зона грануляций имеет точки вне изображения: [(1911.0, 3075.9375), (1905.0, 3079.921875), (1905.0, 3087.890625), (1902.0, 3091.875), (1896.0, 3091.875)]
[task_166] frame 0, +1750320753579.jpg, label=ВсяРана имеет точки вне изображения: [(1317.0, 3243.28125), (1314.0, 3243.28125), (1308.0, 3235.3125), (1305.0, 3239.296875), (1302.0, 3231.328125)]
[task_166] frame 0, +1750320753579.jpg, label=Зона некроза имеет точки вне изображения: [(1380.134765625, 3220.189453125), (1377.0, 3215.390625), (1380.0, 3207.421875), (1377.0, 3203.4375), (1380.0, 3199.453125)]
[task_166] frame 0, +1750320753579.jpg, label=Подкожная жир.кл. без грануляций имеет точки вне изображения: [(1827.0, 3075.9375), (1827.0, 3083.90625), (1830.0, 3091.875), (1845.0, 3111.796875), (1851.0, 3111.796875)]
[task_166] frame 0, +1750320753579.jpg, label=Фибрин имеет точки вне изображения: [(1371.0, 3239.296875), (1362.0, 3231.328125), (1347.0, 3231.328125), (1335.0, 3247.265625), (1329.0, 3247.265625)]
[task_166] frame 0, +1750320753579.jpg, label=Зона некроза имеет точки вне изображения: [(1293.0, 3235.3125), (1278.0, 3235.3125), (1269.0, 3227.34375), (1266.0, 3227.34375), (1260.0, 3235.3125)]
[task_166] +1750320753614.jpg: размер файла 4080x3072, в manifest 3072x4080
[task_166] frame 1, +1750320753614.jpg, label=Подкожная жир.кл. без грануляций имеет точки вне изображения: [(1704.0, 3215.390625), (1689.0, 3215.390625), (1686.0, 3211.40625), (1674.0, 3211.40625), (1635.04296875, 3187.1875)]
[task_166] frame 1, +1750320753614.jpg, label=Зона некроза имеет точки вне изображения: [(2232.0, 3900.703125), (2217.0, 3884.765625), (2217.0, 3876.796875), (2229.0, 3864.84375), (2226.0, 3856.875)]
[task_166] frame 1, +1750320753614.jpg, label=ВсяРана имеет точки вне изображения: [(2160.0, 3900.703125), (2151.0, 3888.75), (2148.0, 3888.75), (2136.0, 3876.796875), (2121.0, 3876.796875)]
[task_166] frame 1, +1750320753614.jpg, label=Вторичная пигментация имеет точки вне изображения: [(1821.0, 3729.375), (1797.0, 3693.515625), (1791.0, 3693.515625), (1782.0, 3685.546875), (1782.0, 3677.578125)]
[task_166] frame 1, +1750320753614.jpg, label=ВсяРана имеет точки вне изображения: [(1704.0, 3215.390625), (1689.0, 3215.390625), (1686.0, 3211.40625), (1677.0, 3211.40625), (1674.0, 3207.421875)]
[task_174] +1750680163125.jpg: размер файла 4080x3072, в manifest 3072x4080
[task_175] +1750680163040.jpg: размер файла 4080x3072, в manifest 3072x4080
[task_175] frame 0, +1750680163040.jpg, label=Зона гиперемии вокруг имеет точки вне изображения: [(2025.0, 3083.90625), (2028.0, 3091.875), (2022.0, 3099.84375), (2010.0, 3099.84375), (2004.0, 3107.8125)]
[task_175] frame 0, +1750680163040.jpg, label=Метка для размерности имеет точки вне изображения: [(972.0, 3107.8125), (975.0, 3111.796875), (972.0, 3119.765625), (975.0, 3123.75), (975.0, 3167.578125)]
[task_175] frame 0, +1750680163040.jpg, label=Фасция без грануляций имеет точки вне изображения: [(1836.0, 3326.953125), (1827.0, 3326.953125), (1806.0, 3295.078125), (1806.0, 3271.171875), (1803.0, 3263.203125)]
[task_175] frame 0, +1750680163040.jpg, label=ВсяРана имеет точки вне изображения: [(1794.0, 3366.796875), (1806.0, 3354.84375), (1806.0, 3338.90625), (1803.0, 3334.921875), (1803.0, 3322.96875)]
[task_175] frame 0, +1750680163040.jpg, label=Подкожная жир.кл. без грануляций имеет точки вне изображения: [(1776.0, 3350.859375), (1818.0078125, 3327.994140625), (1815.0, 3326.953125), (1806.0, 3315.0), (1806.0, 3271.171875)]
[task_183] frame 2, ц-МК555562-inf-day-7-2025-06-24.jpg, label=Зона шва имеет точки вне изображения: [(-0.283203125, 605.802734375)]
[task_183] frame 2, ц-МК555562-inf-day-7-2025-06-24.jpg, label=ВсяРана имеет точки вне изображения: [(-0.283203125, 513.2099609375)]
[task_216] ц-MK514797-not-hosp-2025-07-08.jpg: размер файла 3264x2448, в manifest 2448x3264
[task_216] frame 0, ц-MK514797-not-hosp-2025-07-08.jpg, label=Вторичная пигментация имеет точки вне изображения: [(1214.4375, 2473.5), (1133.15625, 2451.1875), (1135.546875, 2454.375), (1140.328125, 2454.375), (1152.28125, 2473.5)]
[task_216] frame 0, ц-MK514797-not-hosp-2025-07-08.jpg, label=Зона гиперемии вокруг имеет точки вне изображения: [(1195.3125, 2467.125), (1190.53125, 2460.75), (1185.75, 2460.75), (1183.359375, 2457.5625), (1180.96875, 2460.75)]
